// Jest Snapshot v1, https://goo.gl/fbAQLP

exports[`Example component parses default text 1`] = `
<div
  className="style__paragraph--2ELag"
>
  <span>
    Example Component
  </span>
</div>
`;
